// Jest Snapshot v1, https://goo.gl/fbAQLP

exports[`should render EditExpensePage component 1`] = `
<div>
  <ExpenseForm
    expense={
      Object {
        "amount": 10999,
        "createdAt": -345600000,
        "description": "phone bill",
        "id": "3",
        "note": "",
      }
    }
    onSubmit={[Function]}
  />
  <button
    onClick={[Function]}
  >
    Remove Expense
  </button>
</div>
`;
