// Jest Snapshot v1, https://goo.gl/fbAQLP

exports[`should render the Expense Item 1`] = `
<Link
  className="list-item"
  replace={false}
  to="/edit/1"
>
  <div>
    <h3
      className="list-item__title"
    >
      Description: 
      gum
    </h3>
    <span
      className="list-item__subtitle"
    >
      <p>
        Date: 
        December 31st, 1969
      </p>
    </span>
  </div>
  <h3
    className="list-item__data"
  >
    Amount: 
    $1.99
  </h3>
</Link>
`;
