// Jest Snapshot v1, https://goo.gl/fbAQLP

exports[`should render Login Page successfully 1`] = `
<div
  className="box-layout"
>
  <div
    className="box-layout__box"
  >
    <h1
      className="box-layout__title"
    >
      Expense App
    </h1>
    <p>
      You dont know what you've got until it's gone
    </p>
    <button
      className="button"
    >
      Login with Google
    </button>
  </div>
</div>
`;
